adasdasdasd
sdasdasdsad
sdasdORAdfdsf
dfsdfdsfsdf
dsfsdfdsfdsf
dfsfdsfsdfsf
sdfsdfsdfsdewrew
